counter obsahuje 
counter obsahuje a
counter obsahuje aa
counter obsahuje aaa
counter obsahuje aaaa
