<?xml version="1.0" encoding="UTF-8"?>
<program language="IPPcode19">
 <instruction order="1" opcode="DEFVAR">
  <arg1 type="var">GF@_-$&amp;%*abcdefghijklmnopqrstuvwxyz123456789</arg1>
 </instruction>
 <instruction order="2" opcode="DEFVAR">
  <arg1 type="var">GF@ceskeznaky</arg1>
 </instruction>
</program>
